<?xml version="1.0" encoding="UTF-8"?>
<testsuites name="Mocha Tests" time="0.034" tests="2" failures="0">
  <testsuite name="Root Suite" timestamp="2017-04-25T16:46:22" tests="0" failures="0" time="0">
  </testsuite>
  <testsuite name="Sample Test" timestamp="2017-04-25T16:46:22" tests="2" file="/Users/dslagle/Development/node/acl/test/api.test.js" failures="0" time="0.034">
    <testcase name="Sample Test get /gps should return 200" time="0.025" classname="get /gps should return 200">
    </testcase>
    <testcase name="Sample Test get /gps should return valid GPS" time="0.009" classname="get /gps should return valid GPS">
    </testcase>
  </testsuite>
</testsuites>